// Jest Snapshot v1, https://goo.gl/fbAQLP

exports[`FiltersComponent should get filtersOrderConfiguration 1`] = `
Object {
  "difficultLevel": 4,
  "duration": 1,
  "language": 2,
  "price": 3,
  "rating": 1,
}
`;
